// Jest Snapshot v1, https://goo.gl/fbAQLP

exports[`loads and displays greeting 1`] = `
<div>
  <main>
    <h1>
      loading...
    </h1>
  </main>
</div>
`;
